
> frontend@0.1.0 start /app/frontend
> react-scripts start

(node:6557) [DEP_WEBPACK_DEV_SERVER_ON_AFTER_SETUP_MIDDLEWARE] DeprecationWarning: 'onAfterSetupMiddleware' option is deprecated. Please use the 'setupMiddlewares' option.
(Use `node --trace-deprecation ...` to show where the warning was created)
(node:6557) [DEP_WEBPACK_DEV_SERVER_ON_BEFORE_SETUP_MIDDLEWARE] DeprecationWarning: 'onBeforeSetupMiddleware' option is deprecated. Please use the 'setupMiddlewares' option.
Starting the development server...

Compiled with warnings.

Failed to parse source map from '/app/frontend/node_modules/.pnpm/@mediapipe+tasks-vision@0.10.17/node_modules/@mediapipe/tasks-vision/vision_bundle_mjs.js.map' file: Error: ENOENT: no such file or directory, open '/app/frontend/node_modules/.pnpm/@mediapipe+tasks-vision@0.10.17/node_modules/@mediapipe/tasks-vision/vision_bundle_mjs.js.map'

[eslint]
src/components/common/Footer.js
  Line 1:1:  Unexpected Unicode BOM (Byte Order Mark)  unicode-bom

src/components/common/LazyImage.js
  Line 1:1:  Unexpected Unicode BOM (Byte Order Mark)  unicode-bom

src/components/common/ScrollAnimation.js
  Line 1:1:  Unexpected Unicode BOM (Byte Order Mark)  unicode-bom

src/components/common/ScrollToTop.js
  Line 1:1:  Unexpected Unicode BOM (Byte Order Mark)  unicode-bom

src/components/layout/BottomNav.js
  Line 1:1:  Unexpected Unicode BOM (Byte Order Mark)  unicode-bom

src/components/layout/TopNav.js
  Line 1:1:  Unexpected Unicode BOM (Byte Order Mark)  unicode-bom

src/components/messages/Messages.js
  Line 1:1:  Unexpected Unicode BOM (Byte Order Mark)  unicode-bom

src/components/monitoring/ErrorTrackingWidget.js
  Line 86:9:  'getSeverityBgColor' is assigned a value but never used  no-unused-vars

src/components/monitoring/SystemHealthWidget.js
  Line 8:3:  'Thermometer' is defined but never used  no-unused-vars

src/components/monitoring/UserAnalyticsWidget.js
  Line 28:10:  'selectedMetric' is assigned a value but never used     no-unused-vars
  Line 28:26:  'setSelectedMetric' is assigned a value but never used  no-unused-vars

src/components/orders/OrderDetail.js
  Line 1:1:  Unexpected Unicode BOM (Byte Order Mark)  unicode-bom

src/components/orders/Orders.js
  Line 1:1:  Unexpected Unicode BOM (Byte Order Mark)  unicode-bom

src/components/pages/About.js
  Line 1:1:  Unexpected Unicode BOM (Byte Order Mark)  unicode-bom

src/components/pages/Contact.js
  Line 1:1:  Unexpected Unicode BOM (Byte Order Mark)  unicode-bom

src/components/pages/NotFound.js
  Line 1:1:  Unexpected Unicode BOM (Byte Order Mark)  unicode-bom

src/components/products/Product3DViewer.js
  Line 1:35:  'useEffect' is defined but never used                no-unused-vars
  Line 6:13:  'THREE' is defined but never used                    no-unused-vars
  Line 55:9:  'toggleControls' is assigned a value but never used  no-unused-vars

src/components/products/ProductComparison.js
  Line 1:1:  Unexpected Unicode BOM (Byte Order Mark)  unicode-bom

src/components/products/ProductDetailEnhanced.js
  Line 5:51:   'CardMedia' is defined but never used            no-unused-vars
  Line 10:49:  'LocalShipping' is defined but never used        no-unused-vars
  Line 10:64:  'Verified' is defined but never used             no-unused-vars
  Line 10:89:  'ExpandMore' is defined but never used           no-unused-vars
  Line 11:27:  'Fullscreen' is defined but never used           no-unused-vars
  Line 11:39:  'FullscreenExit' is defined but never used       no-unused-vars
  Line 11:55:  'CameraAlt' is defined but never used            no-unused-vars
  Line 11:66:  'ZoomIn' is defined but never used               no-unused-vars
  Line 11:74:  'ZoomOut' is defined but never used              no-unused-vars
  Line 44:19:  'setReviews' is assigned a value but never used  no-unused-vars

src/components/products/ProductList.js
  Line 1:1:  Unexpected Unicode BOM (Byte Order Mark)  unicode-bom

src/components/products/ProductRecommendations.js
  Line 4:27:  'CircularProgress' is defined but never used  no-unused-vars

src/components/settings/Settings.js
  Line 1:1:  Unexpected Unicode BOM (Byte Order Mark)  unicode-bom

src/components/vendors/VendorDetail.js
  Line 1:1:  Unexpected Unicode BOM (Byte Order Mark)  unicode-bom

src/components/vendors/VendorList.js
  Line 1:1:  Unexpected Unicode BOM (Byte Order Mark)  unicode-bom

src/components/wishlist/Wishlist.js
  Line 1:1:  Unexpected Unicode BOM (Byte Order Mark)  unicode-bom

src/reportWebVitals.js
  Line 1:1:  Unexpected Unicode BOM (Byte Order Mark)  unicode-bom

src/utils/AuthContext.js
  Line 1:1:  Unexpected Unicode BOM (Byte Order Mark)  unicode-bom

src/utils/CartContext.js
  Line 1:1:  Unexpected Unicode BOM (Byte Order Mark)  unicode-bom

src/utils/ThemeContext.js
  Line 1:1:  Unexpected Unicode BOM (Byte Order Mark)  unicode-bom

Search for the keywords to learn more about each warning.
To ignore, add // eslint-disable-next-line to the line before.

WARNING in ./node_modules/.pnpm/@mediapipe+tasks-vision@0.10.17/node_modules/@mediapipe/tasks-vision/vision_bundle.mjs
Module Warning (from ./node_modules/.pnpm/source-map-loader@3.0.2_webpack@5.104.1/node_modules/source-map-loader/dist/cjs.js):
Failed to parse source map from '/app/frontend/node_modules/.pnpm/@mediapipe+tasks-vision@0.10.17/node_modules/@mediapipe/tasks-vision/vision_bundle_mjs.js.map' file: Error: ENOENT: no such file or directory, open '/app/frontend/node_modules/.pnpm/@mediapipe+tasks-vision@0.10.17/node_modules/@mediapipe/tasks-vision/vision_bundle_mjs.js.map'

WARNING in [eslint]
src/components/common/Footer.js
  Line 1:1:  Unexpected Unicode BOM (Byte Order Mark)  unicode-bom

src/components/common/LazyImage.js
  Line 1:1:  Unexpected Unicode BOM (Byte Order Mark)  unicode-bom

src/components/common/ScrollAnimation.js
  Line 1:1:  Unexpected Unicode BOM (Byte Order Mark)  unicode-bom

src/components/common/ScrollToTop.js
  Line 1:1:  Unexpected Unicode BOM (Byte Order Mark)  unicode-bom

src/components/layout/BottomNav.js
  Line 1:1:  Unexpected Unicode BOM (Byte Order Mark)  unicode-bom

src/components/layout/TopNav.js
  Line 1:1:  Unexpected Unicode BOM (Byte Order Mark)  unicode-bom

src/components/messages/Messages.js
  Line 1:1:  Unexpected Unicode BOM (Byte Order Mark)  unicode-bom

src/components/monitoring/ErrorTrackingWidget.js
  Line 86:9:  'getSeverityBgColor' is assigned a value but never used  no-unused-vars

src/components/monitoring/SystemHealthWidget.js
  Line 8:3:  'Thermometer' is defined but never used  no-unused-vars

src/components/monitoring/UserAnalyticsWidget.js
  Line 28:10:  'selectedMetric' is assigned a value but never used     no-unused-vars
  Line 28:26:  'setSelectedMetric' is assigned a value but never used  no-unused-vars

src/components/orders/OrderDetail.js
  Line 1:1:  Unexpected Unicode BOM (Byte Order Mark)  unicode-bom

src/components/orders/Orders.js
  Line 1:1:  Unexpected Unicode BOM (Byte Order Mark)  unicode-bom

src/components/pages/About.js
  Line 1:1:  Unexpected Unicode BOM (Byte Order Mark)  unicode-bom

src/components/pages/Contact.js
  Line 1:1:  Unexpected Unicode BOM (Byte Order Mark)  unicode-bom

src/components/pages/NotFound.js
  Line 1:1:  Unexpected Unicode BOM (Byte Order Mark)  unicode-bom

src/components/products/Product3DViewer.js
  Line 1:35:  'useEffect' is defined but never used                no-unused-vars
  Line 6:13:  'THREE' is defined but never used                    no-unused-vars
  Line 55:9:  'toggleControls' is assigned a value but never used  no-unused-vars

src/components/products/ProductComparison.js
  Line 1:1:  Unexpected Unicode BOM (Byte Order Mark)  unicode-bom

src/components/products/ProductDetailEnhanced.js
  Line 5:51:   'CardMedia' is defined but never used            no-unused-vars
  Line 10:49:  'LocalShipping' is defined but never used        no-unused-vars
  Line 10:64:  'Verified' is defined but never used             no-unused-vars
  Line 10:89:  'ExpandMore' is defined but never used           no-unused-vars
  Line 11:27:  'Fullscreen' is defined but never used           no-unused-vars
  Line 11:39:  'FullscreenExit' is defined but never used       no-unused-vars
  Line 11:55:  'CameraAlt' is defined but never used            no-unused-vars
  Line 11:66:  'ZoomIn' is defined but never used               no-unused-vars
  Line 11:74:  'ZoomOut' is defined but never used              no-unused-vars
  Line 44:19:  'setReviews' is assigned a value but never used  no-unused-vars

src/components/products/ProductList.js
  Line 1:1:  Unexpected Unicode BOM (Byte Order Mark)  unicode-bom

src/components/products/ProductRecommendations.js
  Line 4:27:  'CircularProgress' is defined but never used  no-unused-vars

src/components/settings/Settings.js
  Line 1:1:  Unexpected Unicode BOM (Byte Order Mark)  unicode-bom

src/components/vendors/VendorDetail.js
  Line 1:1:  Unexpected Unicode BOM (Byte Order Mark)  unicode-bom

src/components/vendors/VendorList.js
  Line 1:1:  Unexpected Unicode BOM (Byte Order Mark)  unicode-bom

src/components/wishlist/Wishlist.js
  Line 1:1:  Unexpected Unicode BOM (Byte Order Mark)  unicode-bom

src/reportWebVitals.js
  Line 1:1:  Unexpected Unicode BOM (Byte Order Mark)  unicode-bom

src/utils/AuthContext.js
  Line 1:1:  Unexpected Unicode BOM (Byte Order Mark)  unicode-bom

src/utils/CartContext.js
  Line 1:1:  Unexpected Unicode BOM (Byte Order Mark)  unicode-bom

src/utils/ThemeContext.js
  Line 1:1:  Unexpected Unicode BOM (Byte Order Mark)  unicode-bom

webpack compiled with 2 warnings
